
  SPC — Sistema de Prestação de Contas
  Prefeitura Municipal de Cosmópolis — SP
  ──────────────────────────────────────────────────────────────
  Local       http://127.0.0.1:5735
  Rede        http://192.168.76.172:5735
  Versão      1.0.0
  Ambiente    development  ·  Python 3.13.2
  Debug       ativo — não use em produção
  Encerrar    CTRL+C
  ──────────────────────────────────────────────────────────────


  SPC — Sistema de Prestação de Contas
  Prefeitura Municipal de Cosmópolis — SP
  ──────────────────────────────────────────────────────────────
  Local       http://127.0.0.1:5735
  Rede        http://192.168.76.172:5735
  Versão      1.0.0
  Ambiente    development  ·  Python 3.13.2
  Debug       ativo — não use em produção
  Encerrar    CTRL+C
  ──────────────────────────────────────────────────────────────


  SPC — Sistema de Prestação de Contas
  Prefeitura Municipal de Cosmópolis — SP
  ──────────────────────────────────────────────────────────────
  Local       http://127.0.0.1:5735
  Rede        http://192.168.76.172:5735
  Versão      1.0.0
  Ambiente    development  ·  Python 3.13.2
  Debug       ativo — não use em produção
  Encerrar    CTRL+C
  ──────────────────────────────────────────────────────────────


  SPC — Sistema de Prestação de Contas
  Prefeitura Municipal de Cosmópolis — SP
  ──────────────────────────────────────────────────────────────
  Local       http://127.0.0.1:5735
  Rede        http://192.168.76.172:5735
  Versão      1.0.0
  Ambiente    development  ·  Python 3.13.2
  Debug       ativo — não use em produção
  Encerrar    CTRL+C
  ──────────────────────────────────────────────────────────────

